arm d4s7-control: depth 4, strata 7, terminalUtility -1e+06, policySeed 0xd7075eed
  worst-case work 11892398, --max-work 11892399 (headroom 1)
  worst-case cache entries 122598, declared capacity 60000  => the cache EVICTS; eviction is part of this configuration
  seeds 0xa51d1000-0xa51d103f, 64 games, cap 2000 moves, 6 threads
[1/16] seed 0xa51d1005 score 156615 moves 50 rises 9 clears 0 chain 3615 (98.0s)
[2/16] seed 0xa51d1002 score 192966 moves 60 rises 11 clears 0 chain 5966 (129.9s)
[3/16] seed 0xa51d1001 score 239557 moves 70 rises 13 clears 0 chain 18557 (165.5s)
[4/16] seed 0xa51d1000 score 317259 moves 90 rises 18 clears 0 chain 11259 (192.3s)
[5/16] seed 0xa51d1007 score 194864 moves 59 rises 11 clears 0 chain 7864 (110.5s)
[6/16] seed 0xa51d1003 score 538723 moves 150 rises 29 clears 0 chain 45723 (388.2s)
[7/16] seed 0xa51d100a score 230645 moves 70 rises 13 clears 0 chain 9645 (151.1s)
[8/16] seed 0xa51d1008 score 378808 moves 110 rises 21 clears 0 chain 21808 (281.1s)
[9/16] seed 0xa51d100b score 141619 moves 45 rises 8 clears 0 chain 5619 (86.8s)
[10/16] seed 0xa51d1009 score 518212 moves 150 rises 29 clears 0 chain 25212 (354.5s)
[11/16] seed 0xa51d1004 score 813628 moves 225 rises 44 clears 0 chain 65628 (576.2s)
[12/16] seed 0xa51d100d score 263545 moves 80 rises 15 clears 0 chain 8545 (144.8s)
[13/16] seed 0xa51d100c score 281482 moves 85 rises 16 clears 0 chain 9482 (218.0s)
[14/16] seed 0xa51d100e score 302270 moves 90 rises 17 clears 0 chain 13270 (195.0s)
[15/16] seed 0xa51d100f score 378723 moves 110 rises 21 clears 0 chain 21723 (257.3s)
[16/16] seed 0xa51d1006 score 1215442 moves 330 rises 65 clears 0 chain 110442 (890.2s)
  chunk done: 16/64 games, 988.3s, artifact rewritten
[1/16] seed 0xa51d1010 score 121585 moves 40 rises 7 clears 0 chain 2585 (92.3s)
[2/16] seed 0xa51d1013 score 156261 moves 46 rises 9 clears 0 chain 3261 (113.5s)
[3/16] seed 0xa51d1014 score 210311 moves 65 rises 12 clears 0 chain 6311 (136.9s)
[4/16] seed 0xa51d1017 score 230941 moves 70 rises 13 clears 0 chain 9941 (185.5s)
[5/16] seed 0xa51d1012 score 356653 moves 105 rises 20 clears 0 chain 16653 (336.1s)
[6/16] seed 0xa51d1011 score 427329 moves 125 rises 24 clears 0 chain 19329 (376.0s)
[7/16] seed 0xa51d101a score 123795 moves 40 rises 7 clears 0 chain 4795 (87.3s)
[8/16] seed 0xa51d1016 score 445842 moves 130 rises 25 clears 0 chain 20842 (362.4s)
[9/16] seed 0xa51d1018 score 469190 moves 130 rises 25 clears 0 chain 44190 (385.5s)
[10/16] seed 0xa51d101d score 194358 moves 60 rises 11 clears 0 chain 7358 (145.2s)
[11/16] seed 0xa51d1019 score 446240 moves 125 rises 24 clears 0 chain 38240 (392.3s)
[12/16] seed 0xa51d1015 score 856537 moves 240 rises 47 clears 0 chain 57537 (722.6s)
[13/16] seed 0xa51d101f score 232751 moves 70 rises 13 clears 0 chain 11751 (187.5s)
[14/16] seed 0xa51d101b score 675137 moves 195 rises 38 clears 0 chain 29137 (516.4s)
[15/16] seed 0xa51d101e score 548807 moves 152 rises 30 clears 0 chain 38807 (403.6s)
[16/16] seed 0xa51d101c score 772124 moves 215 rises 42 clears 0 chain 58124 (626.2s)
  chunk done: 32/64 games, 2037.9s, artifact rewritten
[1/16] seed 0xa51d1020 score 193836 moves 60 rises 11 clears 0 chain 6836 (107.3s)
[2/16] seed 0xa51d1022 score 254476 moves 75 rises 14 clears 0 chain 16476 (163.9s)
[3/16] seed 0xa51d1025 score 353265 moves 105 rises 20 clears 0 chain 13265 (268.2s)
[4/16] seed 0xa51d1027 score 243607 moves 75 rises 14 clears 0 chain 5607 (159.5s)
[5/16] seed 0xa51d1021 score 693473 moves 190 rises 37 clears 0 chain 64473 (453.9s)
[6/16] seed 0xa51d1023 score 607530 moves 170 rises 33 clears 0 chain 46530 (463.0s)
[7/16] seed 0xa51d1026 score 569994 moves 160 rises 31 clears 0 chain 42994 (369.5s)
[8/16] seed 0xa51d1024 score 884476 moves 245 rises 48 clears 0 chain 68476 (635.4s)
[9/16] seed 0xa51d1029 score 526164 moves 150 rises 29 clears 0 chain 33164 (420.1s)
[10/16] seed 0xa51d102d score 142477 moves 45 rises 8 clears 0 chain 6477 (108.5s)
[11/16] seed 0xa51d102c score 335996 moves 100 rises 19 clears 0 chain 12996 (312.0s)
[12/16] seed 0xa51d102a score 415339 moves 120 rises 23 clears 0 chain 24339 (346.0s)
[13/16] seed 0xa51d102b score 463189 moves 135 rises 26 clears 0 chain 21189 (417.2s)
[14/16] seed 0xa51d102f score 193358 moves 60 rises 11 clears 0 chain 6358 (152.8s)
[15/16] seed 0xa51d102e score 180089 moves 55 rises 10 clears 0 chain 10089 (168.6s)
[16/16] seed 0xa51d1028 score 1341287 moves 365 rises 72 clears 0 chain 117287 (1074.6s)
  chunk done: 48/64 games, 3380.7s, artifact rewritten
[1/16] seed 0xa51d1033 score 213715 moves 65 rises 12 clears 0 chain 9715 (184.6s)
[2/16] seed 0xa51d1035 score 288285 moves 85 rises 16 clears 0 chain 16285 (209.2s)
[3/16] seed 0xa51d1034 score 277193 moves 76 rises 15 clears 0 chain 22193 (210.1s)
[4/16] seed 0xa51d1036 score 275245 moves 80 rises 15 clears 0 chain 20245 (173.0s)
[5/16] seed 0xa51d1031 score 433572 moves 125 rises 24 clears 0 chain 25572 (378.0s)
[6/16] seed 0xa51d1037 score 355149 moves 105 rises 20 clears 0 chain 15149 (279.4s)
[7/16] seed 0xa51d1032 score 591346 moves 170 rises 33 clears 0 chain 30346 (526.0s)
[8/16] seed 0xa51d1038 score 438511 moves 120 rises 23 clears 0 chain 47511 (358.4s)
[9/16] seed 0xa51d103b score 122174 moves 40 rises 7 clears 0 chain 3174 (91.2s)
[10/16] seed 0xa51d103e score 103331 moves 35 rises 6 clears 0 chain 1331 (52.2s)
[11/16] seed 0xa51d1039 score 353867 moves 105 rises 20 clears 0 chain 13867 (276.3s)
[12/16] seed 0xa51d103d score 194087 moves 60 rises 11 clears 0 chain 7087 (134.4s)
[13/16] seed 0xa51d1030 score 842679 moves 235 rises 46 clears 0 chain 60679 (766.1s)
[14/16] seed 0xa51d103a score 453058 moves 130 rises 25 clears 0 chain 28058 (452.3s)
[15/16] seed 0xa51d103f score 301633 moves 90 rises 17 clears 0 chain 12633 (278.3s)
[16/16] seed 0xa51d103c score 429267 moves 125 rises 24 clears 0 chain 21267 (418.1s)
  chunk done: 64/64 games, 4324.8s, artifact rewritten
AUDIT d4s7-control: decisions 7338, incompleteDecisions 0, minimumCompletedDepth 4 (requested 4), maximumWorkPerDecision 10639860 of 11892399, maximumCacheEntriesUsed 60000 of 60000
ARM OK
