arm d5s5: depth 5, strata 5, terminalUtility -1e+06, policySeed 0xd7075eed
  worst-case work 109723460, --max-work 109723461 (headroom 1)
  worst-case cache entries 1590190, declared capacity 200000  => the cache EVICTS; eviction is part of this configuration
  seeds 0xa51d1000-0xa51d103f, 64 games, cap 2000 moves, 6 threads
[1/16] seed 0xa51d1000 score 139941 moves 45 rises 8 clears 0 chain 3941 (790.3s)
[2/16] seed 0xa51d1001 score 140910 moves 45 rises 8 clears 0 chain 4910 (986.5s)
[3/16] seed 0xa51d1002 score 228452 moves 66 rises 13 clears 0 chain 7452 (1451.6s)
[4/16] seed 0xa51d1007 score 124251 moves 40 rises 7 clears 0 chain 5251 (698.7s)
[5/16] seed 0xa51d1003 score 274744 moves 80 rises 15 clears 0 chain 19744 (2107.9s)
[6/16] seed 0xa51d1004 score 365800 moves 105 rises 20 clears 0 chain 25800 (2401.2s)
[7/16] seed 0xa51d1006 score 247590 moves 75 rises 14 clears 0 chain 9590 (1630.4s)
[8/16] seed 0xa51d1005 score 383008 moves 110 rises 21 clears 0 chain 26008 (2826.7s)
[9/16] seed 0xa51d1009 score 208202 moves 62 rises 12 clears 0 chain 4202 (1264.3s)
[10/16] seed 0xa51d100b score 139659 moves 45 rises 8 clears 0 chain 3659 (740.9s)
[11/16] seed 0xa51d100a score 194897 moves 60 rises 11 clears 0 chain 7897 (1161.7s)
[12/16] seed 0xa51d100c score 276861 moves 80 rises 15 clears 0 chain 21861 (1533.6s)
[13/16] seed 0xa51d1008 score 429702 moves 122 rises 24 clears 0 chain 21702 (2964.2s)
[14/16] seed 0xa51d100f score 283825 moves 81 rises 16 clears 0 chain 11825 (1318.5s)
[15/16] seed 0xa51d100e score 354648 moves 105 rises 20 clears 0 chain 14648 (1589.7s)
[16/16] seed 0xa51d100d score 512325 moves 150 rises 29 clears 0 chain 19325 (2426.5s)
  chunk done: 16/64 games, 5253.2s, artifact rewritten
[1/16] seed 0xa51d1012 score 157711 moves 50 rises 9 clears 0 chain 4711 (575.0s)
[2/16] seed 0xa51d1014 score 211759 moves 65 rises 12 clears 0 chain 7759 (999.2s)
[3/16] seed 0xa51d1011 score 283918 moves 85 rises 16 clears 0 chain 11918 (1113.6s)
[4/16] seed 0xa51d1010 score 249247 moves 70 rises 13 clears 0 chain 28247 (1279.3s)
[5/16] seed 0xa51d1019 score 120737 moves 40 rises 7 clears 0 chain 1737 (370.5s)
[6/16] seed 0xa51d1017 score 215620 moves 65 rises 12 clears 0 chain 11620 (1030.1s)
[7/16] seed 0xa51d1016 score 369815 moves 105 rises 20 clears 0 chain 29815 (1749.5s)
[8/16] seed 0xa51d1018 score 231994 moves 70 rises 13 clears 0 chain 10994 (1371.1s)
[9/16] seed 0xa51d1015 score 504448 moves 144 rises 28 clears 0 chain 28448 (2503.7s)
[10/16] seed 0xa51d1013 score 460953 moves 130 rises 25 clears 0 chain 35953 (2572.2s)
[11/16] seed 0xa51d101b score 203685 moves 60 rises 11 clears 0 chain 16685 (885.7s)
[12/16] seed 0xa51d101a score 249553 moves 75 rises 14 clears 0 chain 11553 (1319.7s)
[13/16] seed 0xa51d101e score 307686 moves 87 rises 17 clears 0 chain 18686 (1160.7s)
[14/16] seed 0xa51d101f score 270439 moves 80 rises 15 clears 0 chain 15439 (1147.4s)
[15/16] seed 0xa51d101c score 384708 moves 110 rises 21 clears 0 chain 27708 (1738.7s)
[16/16] seed 0xa51d101d score 697263 moves 195 rises 38 clears 0 chain 51263 (4282.3s)
  chunk done: 32/64 games, 12020.2s, artifact rewritten
[1/16] seed 0xa51d1025 score 158718 moves 50 rises 9 clears 0 chain 5718 (607.1s)
[2/16] seed 0xa51d1024 score 140926 moves 45 rises 8 clears 0 chain 4926 (618.2s)
[3/16] seed 0xa51d1021 score 177918 moves 52 rises 10 clears 0 chain 7918 (1447.4s)
[4/16] seed 0xa51d1022 score 232127 moves 70 rises 13 clears 0 chain 11127 (1566.4s)
[5/16] seed 0xa51d1020 score 270253 moves 80 rises 15 clears 0 chain 15253 (1920.7s)
[6/16] seed 0xa51d102a score 158904 moves 50 rises 9 clears 0 chain 5904 (1403.3s)
[7/16] seed 0xa51d1027 score 232614 moves 70 rises 13 clears 0 chain 11614 (2898.7s)
[8/16] seed 0xa51d1028 score 246571 moves 75 rises 14 clears 0 chain 8571 (2494.1s)
[9/16] seed 0xa51d102b score 140112 moves 45 rises 8 clears 0 chain 4112 (1018.4s)
[10/16] seed 0xa51d102c score 160493 moves 50 rises 9 clears 0 chain 7493 (1143.3s)
[11/16] seed 0xa51d1023 score 564110 moves 160 rises 31 clears 0 chain 37110 (5131.3s)
[12/16] seed 0xa51d1029 score 389135 moves 110 rises 21 clears 0 chain 32135 (3900.1s)
[13/16] seed 0xa51d102e score 189269 moves 55 rises 10 clears 0 chain 19269 (1482.2s)
[14/16] seed 0xa51d102f score 301668 moves 90 rises 17 clears 0 chain 12668 (1642.9s)
[15/16] seed 0xa51d102d score 384681 moves 110 rises 21 clears 0 chain 27681 (3231.1s)
[16/16] seed 0xa51d1026 score 1282847 moves 355 rises 70 clears 0 chain 92847 (11260.0s)
  chunk done: 48/64 games, 23887.3s, artifact rewritten
[1/16] seed 0xa51d1035 score 192658 moves 60 rises 11 clears 0 chain 5658 (656.8s)
[2/16] seed 0xa51d1031 score 226485 moves 66 rises 13 clears 0 chain 5485 (691.5s)
[3/16] seed 0xa51d1034 score 270181 moves 80 rises 15 clears 0 chain 15181 (956.8s)
[4/16] seed 0xa51d1037 score 142934 moves 45 rises 8 clears 0 chain 6934 (405.9s)
[5/16] seed 0xa51d1032 score 329182 moves 95 rises 18 clears 0 chain 23182 (1243.6s)
[6/16] seed 0xa51d1030 score 421810 moves 120 rises 23 clears 0 chain 30810 (1469.4s)
[7/16] seed 0xa51d1039 score 195081 moves 60 rises 11 clears 0 chain 8081 (462.9s)
[8/16] seed 0xa51d1036 score 311884 moves 90 rises 17 clears 0 chain 22884 (917.8s)
[9/16] seed 0xa51d103a score 121688 moves 40 rises 7 clears 0 chain 2688 (391.1s)
[10/16] seed 0xa51d1038 score 274078 moves 80 rises 15 clears 0 chain 19078 (802.5s)
[11/16] seed 0xa51d103d score 139277 moves 45 rises 8 clears 0 chain 3277 (389.4s)
[12/16] seed 0xa51d103e score 121570 moves 40 rises 7 clears 0 chain 2570 (331.4s)
[13/16] seed 0xa51d1033 score 621944 moves 175 rises 34 clears 0 chain 43944 (2032.3s)
[14/16] seed 0xa51d103c score 227477 moves 70 rises 13 clears 0 chain 6477 (720.0s)
[15/16] seed 0xa51d103b score 272159 moves 80 rises 15 clears 0 chain 17159 (1045.9s)
[16/16] seed 0xa51d103f score 353933 moves 105 rises 20 clears 0 chain 13933 (1508.2s)
  chunk done: 64/64 games, 27154.8s, artifact rewritten
AUDIT d5s5: decisions 5420, incompleteDecisions 0, minimumCompletedDepth 5 (requested 5), maximumWorkPerDecision 78537460 of 109723461, maximumCacheEntriesUsed 200000 of 200000
ARM OK
