arm d5s7: depth 5, strata 7, terminalUtility -1e+06, policySeed 0xd7075eed
  worst-case work 582727796, --max-work 582727797 (headroom 1)
  worst-case cache entries 6007498, declared capacity 200000  => the cache EVICTS; eviction is part of this configuration
  seeds 0xa51d1000-0xa51d103f, 64 games, cap 2000 moves, 14 threads
[1/16] seed 0xa51d1002 score 120791 moves 38 rises 7 clears 0 chain 1791 (2520.1s)
[2/16] seed 0xa51d100d score 120690 moves 40 rises 7 clears 0 chain 1690 (3141.8s)
[3/16] seed 0xa51d1007 score 124059 moves 40 rises 7 clears 0 chain 5059 (3269.7s)
[4/16] seed 0xa51d100b score 169377 moves 50 rises 9 clears 0 chain 16377 (4401.5s)
[5/16] seed 0xa51d100a score 176869 moves 55 rises 10 clears 0 chain 6869 (4588.4s)
[6/16] seed 0xa51d1006 score 212580 moves 60 rises 12 clears 0 chain 8580 (4987.0s)
[7/16] seed 0xa51d100f score 121621 moves 40 rises 7 clears 0 chain 2621 (2200.7s)
[8/16] seed 0xa51d1004 score 236559 moves 70 rises 13 clears 0 chain 15559 (6540.2s)
[9/16] seed 0xa51d1000 score 291714 moves 85 rises 16 clears 0 chain 19714 (8773.7s)
[10/16] seed 0xa51d1005 score 368243 moves 110 rises 21 clears 0 chain 11243 (9605.6s)
[11/16] seed 0xa51d1003 score 430329 moves 125 rises 24 clears 0 chain 22329 (11834.1s)
[12/16] seed 0xa51d100e score 502768 moves 145 rises 28 clears 0 chain 26768 (17668.6s)
[13/16] seed 0xa51d1009 score 618836 moves 170 rises 34 clears 0 chain 40836 (22857.4s)
[14/16] seed 0xa51d100c score 766169 moves 210 rises 41 clears 0 chain 69169 (25085.4s)
[15/16] seed 0xa51d1008 score 679913 moves 190 rises 37 clears 0 chain 50913 (25264.3s)
[16/16] seed 0xa51d1001 score 1198542 moves 332 rises 66 clears 0 chain 76542 (36888.4s)
  chunk done: 16/64 games, 36888.4s, artifact rewritten
[1/16] seed 0xa51d101d score 139954 moves 45 rises 8 clears 0 chain 3954 (1878.5s)
[2/16] seed 0xa51d1015 score 178082 moves 55 rises 10 clears 0 chain 8082 (2295.2s)
[3/16] seed 0xa51d101f score 104099 moves 35 rises 6 clears 0 chain 2099 (1264.0s)
[4/16] seed 0xa51d101b score 264783 moves 80 rises 15 clears 0 chain 9783 (4334.2s)
[5/16] seed 0xa51d1011 score 268541 moves 80 rises 15 clears 0 chain 13541 (5126.2s)
[6/16] seed 0xa51d1014 score 303087 moves 90 rises 17 clears 0 chain 14087 (5813.5s)
[7/16] seed 0xa51d1013 score 322338 moves 95 rises 18 clears 0 chain 16338 (6512.9s)
[8/16] seed 0xa51d1012 score 366535 moves 105 rises 20 clears 0 chain 26535 (6860.6s)
[9/16] seed 0xa51d1019 score 400455 moves 115 rises 22 clears 0 chain 26455 (7604.0s)
[10/16] seed 0xa51d1017 score 426364 moves 125 rises 24 clears 0 chain 18364 (7971.9s)
[11/16] seed 0xa51d1010 score 454721 moves 130 rises 25 clears 0 chain 29721 (8847.4s)
[12/16] seed 0xa51d101a score 580728 moves 160 rises 31 clears 0 chain 53728 (9882.8s)
[13/16] seed 0xa51d1016 score 559644 moves 160 rises 31 clears 0 chain 32644 (9955.4s)
