[2026-09-05T19:30:07Z] gates: /home/keshav/Developer/drop7-bench/approaches/ntuple-rl/ntuple-scale/target/release/gate --probe-start 0xa5277000
[2026-09-05T19:30:11Z] gates: all passed
[2026-09-05T19:30:11Z] pilot-A: /home/keshav/Developer/drop7-bench/approaches/ntuple-rl/ntuple-scale/target/release/train --layout rows,cols,win23,win32,phase=cols --alpha 1.0 --seeds-start 0xa5300000 --seeds-count 2031616 --moves 200000000 --chunk-moves 10000000 --threads 32 --validate-start 0xa52f2240 --validate-games 64 --validate-every 50000000 --quick-every 25000000 --no-checkpoint --experiment-id EX-20260905-ntuple-scale-tc-td-leaf-d3-535b2620 --out /home/keshav/Developer/drop7-bench/runs/RUN-20260905T193006Z-4fbeb4e5/ntuple-scale/pilot/A
[2026-09-05T19:33:48Z] pilot A: done ({"moves":100030499,"artifact":"val-000100030499.json","pairedDeltaD3":170874.375,"ntupleD3Mean":508484.96875,"fairD3Mean":337610.59375})
[2026-09-05T19:33:48Z] pilot-B: /home/keshav/Developer/drop7-bench/approaches/ntuple-rl/ntuple-scale/target/release/train --layout rows,cols,win23,win32,phase=none --alpha 1.0 --seeds-start 0xa5300000 --seeds-count 2031616 --moves 200000000 --chunk-moves 10000000 --threads 32 --validate-start 0xa52f2240 --validate-games 64 --validate-every 50000000 --quick-every 25000000 --no-checkpoint --experiment-id EX-20260905-ntuple-scale-tc-td-leaf-d3-535b2620 --out /home/keshav/Developer/drop7-bench/runs/RUN-20260905T193006Z-4fbeb4e5/ntuple-scale/pilot/B
[2026-09-05T19:36:58Z] pilot B: done ({"moves":100018759,"artifact":"val-000100018759.json","pairedDeltaD3":-35090.65625,"ntupleD3Mean":302519.9375,"fairD3Mean":337610.59375})
[2026-09-05T19:36:58Z] pilot-C: /home/keshav/Developer/drop7-bench/approaches/ntuple-rl/ntuple-scale/target/release/train --layout rows,cols,win23,win32,phase=all --alpha 1.0 --seeds-start 0xa5300000 --seeds-count 2031616 --moves 200000000 --chunk-moves 10000000 --threads 32 --validate-start 0xa52f2240 --validate-games 64 --validate-every 50000000 --quick-every 25000000 --no-checkpoint --experiment-id EX-20260905-ntuple-scale-tc-td-leaf-d3-535b2620 --out /home/keshav/Developer/drop7-bench/runs/RUN-20260905T193006Z-4fbeb4e5/ntuple-scale/pilot/C
[2026-09-05T19:39:44Z] pilot C: done ({"moves":200002957,"artifact":"val-000200002957.json","pairedDeltaD3":123949.515625,"ntupleD3Mean":461560.109375,"fairD3Mean":337610.59375})
[2026-09-05T19:39:44Z] pilot-D: /home/keshav/Developer/drop7-bench/approaches/ntuple-rl/ntuple-scale/target/release/train --layout rows,cols,phase=cols --alpha 1.0 --seeds-start 0xa5300000 --seeds-count 2031616 --moves 200000000 --chunk-moves 10000000 --threads 32 --validate-start 0xa52f2240 --validate-games 64 --validate-every 50000000 --quick-every 25000000 --no-checkpoint --experiment-id EX-20260905-ntuple-scale-tc-td-leaf-d3-535b2620 --out /home/keshav/Developer/drop7-bench/runs/RUN-20260905T193006Z-4fbeb4e5/ntuple-scale/pilot/D
[2026-09-05T19:41:34Z] pilot D: done ({"moves":150030873,"artifact":"val-000150030873.json","pairedDeltaD3":94015.375,"ntupleD3Mean":431625.96875,"fairD3Mean":337610.59375})
[2026-09-05T19:41:34Z] pilot-E: /home/keshav/Developer/drop7-bench/approaches/ntuple-rl/ntuple-scale/target/release/train --layout win23,win32,phase=none --alpha 1.0 --seeds-start 0xa5300000 --seeds-count 2031616 --moves 200000000 --chunk-moves 10000000 --threads 32 --validate-start 0xa52f2240 --validate-games 64 --validate-every 50000000 --quick-every 25000000 --no-checkpoint --experiment-id EX-20260905-ntuple-scale-tc-td-leaf-d3-535b2620 --out /home/keshav/Developer/drop7-bench/runs/RUN-20260905T193006Z-4fbeb4e5/ntuple-scale/pilot/E
[2026-09-05T19:44:37Z] pilot E: done ({"moves":150025673,"artifact":"val-000150025673.json","pairedDeltaD3":-80696.125,"ntupleD3Mean":256914.46875,"fairD3Mean":337610.59375})
[2026-09-05T19:44:37Z] pilot-F: /home/keshav/Developer/drop7-bench/approaches/ntuple-rl/ntuple-scale/target/release/train --layout rows,cols,win23,win32,phase=cols --alpha 0.25 --seeds-start 0xa5300000 --seeds-count 2031616 --moves 200000000 --chunk-moves 10000000 --threads 32 --validate-start 0xa52f2240 --validate-games 64 --validate-every 50000000 --quick-every 25000000 --no-checkpoint --experiment-id EX-20260905-ntuple-scale-tc-td-leaf-d3-535b2620 --out /home/keshav/Developer/drop7-bench/runs/RUN-20260905T193006Z-4fbeb4e5/ntuple-scale/pilot/F
[2026-09-05T19:48:21Z] pilot F: done ({"moves":150038586,"artifact":"val-000150038586.json","pairedDeltaD3":112885.671875,"ntupleD3Mean":450496.265625,"fairD3Mean":337610.59375})
[2026-09-05T20:40:58Z] gates: /home/keshav/Developer/drop7-bench/approaches/ntuple-rl/ntuple-scale/target/release/gate --probe-start 0xa5277000
[2026-09-05T20:41:03Z] gates: all passed
[2026-09-05T20:41:03Z] pilot A: already done
[2026-09-05T20:41:03Z] pilot B: already done
[2026-09-05T20:41:03Z] pilot C: already done
[2026-09-05T20:41:03Z] pilot D: already done
[2026-09-05T20:41:03Z] pilot E: already done
[2026-09-05T20:41:03Z] pilot F: already done
[2026-09-05T20:41:03Z] select-arm: {  "arm": "C",  "layout": "rows,cols,win23,win32,phase=all",  "alpha": 1.0,  "finalMargin": 123949.515625,  "ranking": [    {      "arm": "C",      "finalMargin": 123949.515625,      "entries": 100000
[2026-09-05T20:41:03Z] main: /home/keshav/Developer/drop7-bench/approaches/ntuple-rl/ntuple-scale/target/release/train --layout rows,cols,win23,win32,phase=all --alpha 1.0 --seeds-start 0xa5300000 --seeds-count 2031616 --moves 4000000000 --chunk-moves 20000000 --threads 32 --validate-start 0xa52f2240 --validate-games 64 --validate-every 200000000 --quick-every 50000000 --wall-seconds 18000 --experiment-id EX-20260905-ntuple-scale-tc-td-leaf-d3-535b2620 --out /home/keshav/Developer/drop7-bench/runs/RUN-20260905T193006Z-4fbeb4e5/ntuple-scale/main
[2026-09-05T21:22:41Z] main: done ({"moves":1400240319,"artifact":"val-001400240319.json","pairedDeltaD3":270022.78125,"ntupleD3Mean":607633.375,"fairD3Mean":337610.59375})
[2026-09-05T21:22:43Z] freeze: 0ade9d4e4080ebdd52a1474b1a13410dc8dfb77f5eba24b078aa7703c92ace0b  /home/keshav/Developer/drop7-bench/runs/RUN-20260905T193006Z-4fbeb4e5/ntuple-scale/main/best-weights.bin
[2026-09-05T21:22:43Z] screen: opening the held-out lease
opened research/seeds/leases/SL-20260905T191317Z-c25f58cd.json 2026-09-05T21:22:43Z
[2026-09-05T21:22:43Z] screen: /home/keshav/Developer/drop7-bench/approaches/ntuple-rl/ntuple-scale/target/release/screen --candidate /home/keshav/Developer/drop7-bench/runs/RUN-20260905T193006Z-4fbeb4e5/ntuple-scale/main/best-weights.bin --seeds-start 0xa52f2140 --games 256 --threads 32 --move-cap 2000 --out /home/keshav/Developer/drop7-bench/runs/RUN-20260905T193006Z-4fbeb4e5/ntuple-scale/screen/heldout.json --experiment-id EX-20260905-ntuple-scale-tc-td-leaf-d3-535b2620
[2026-09-05T21:52:46Z] screen: done
[2026-09-05T21:52:47Z] analyze: written /home/keshav/Developer/drop7-bench/runs/RUN-20260905T193006Z-4fbeb4e5/ntuple-scale/analysis.md
