layout rows,cols,win23,win32,phase=all,fill=hgt5 : 5000000000 entries (20.00 GB weights, 60.00 GB with coherence), 74 active per state
warm start: promoting /home/keshav/Developer/drop7-bench/runs/RUN-20260905T193006Z-4fbeb4e5/ntuple-scale/main/best-weights.bin (rows,cols,win23,win32,phase=all) into rows,cols,win23,win32,phase=all,fill=hgt5 (5000000000 entries)
warm start ready in 1.2 s (source fingerprint 782828b76cfd4971)
fair-d3s7 control on the validation block (256 games)...
fair-d3s7 mean 312767 / 91.96 moves
[     50s] chunk    0      20002307 moves     379665 games   1964384 moves/s  train mean   169162 /   52.7 moves  |delta| 0.596  beta 0.106
[     86s]    100013726 moves  quick: 1-ply 249739 (75.5 moves) vs fair-d3s7 312767: -63027
[     86s] chunk    4     100013726 moves    1549482 games   2213301 moves/s  train mean   239628 /   72.5 moves  |delta| 0.570  beta 0.041
[    123s] chunk    8     180025184 moves    2602751 games   2175302 moves/s  train mean   258007 /   77.7 moves  |delta| 0.601  beta 0.032
[    132s]    200028295 moves  quick: 1-ply 261278 (78.7 moves) vs fair-d3s7 312767: -51489
[    132s]    200028295 moves  VALIDATION: ntuple-d3s7 437476 vs fair-d3s7 312767: +124709 (W-L 164-92), 1-ply 261278, touched 94891681 entries  [best]
[    203s] chunk   12     260037753 moves    3607476 games   2207371 moves/s  train mean   268641 /   80.7 moves  |delta| 0.623  beta 0.028
[    221s]    300043724 moves  quick: 1-ply 275764 (82.5 moves) vs fair-d3s7 312767: -37003
[    240s] chunk   16     340050134 moves    4584606 games   2172598 moves/s  train mean   274904 /   82.5 moves  |delta| 0.638  beta 0.025
[    267s]    400060509 moves  quick: 1-ply 280088 (84.0 moves) vs fair-d3s7 312767: -32678
[    267s]    400060509 moves  VALIDATION: ntuple-d3s7 450029 vs fair-d3s7 312767: +137262 (W-L 162-94), 1-ply 280088, touched 122728350 entries  [best]
[    322s] chunk   20     420063894 moves    5544298 games   2203974 moves/s  train mean   279678 /   83.8 moves  |delta| 0.648  beta 0.024
[    359s]    500077272 moves  quick: 1-ply 279170 (83.6 moves) vs fair-d3s7 312767: -33597
[    359s] chunk   24     500077272 moves    6491491 games   2157749 moves/s  train mean   283664 /   84.9 moves  |delta| 0.656  beta 0.022
[    396s] chunk   28     580092320 moves    7427376 games   2138628 moves/s  train mean   286302 /   85.7 moves  |delta| 0.663  beta 0.021
[    405s]    600096150 moves  quick: 1-ply 279606 (83.8 moves) vs fair-d3s7 312767: -33160
[    405s]    600096150 moves  VALIDATION: ntuple-d3s7 469664 vs fair-d3s7 312767: +156898 (W-L 162-94), 1-ply 279606, touched 140981096 entries  [best]
[    480s] chunk   32     660107249 moves    8354858 games   2177206 moves/s  train mean   290209 /   86.8 moves  |delta| 0.670  beta 0.020
[    499s]    700113962 moves  quick: 1-ply 293043 (87.6 moves) vs fair-d3s7 312767: -19723
[    518s] chunk   36     740121007 moves    9275023 games   2152456 moves/s  train mean   291915 /   87.2 moves  |delta| 0.675  beta 0.019
[    546s]    800131115 moves  quick: 1-ply 286336 (85.8 moves) vs fair-d3s7 312767: -26431
[    546s]    800131115 moves  VALIDATION: ntuple-d3s7 448493 vs fair-d3s7 312767: +135727 (W-L 164-92), 1-ply 286336, touched 154891231 entries
[    593s] chunk   40     820134455 moves   10190730 games   2146086 moves/s  train mean   292953 /   87.5 moves  |delta| 0.679  beta 0.018
[    630s]    900148918 moves  quick: 1-ply 305763 (91.2 moves) vs fair-d3s7 312767: -7003
[    630s] chunk   44     900148918 moves   11099428 games   2133120 moves/s  train mean   295373 /   88.2 moves  |delta| 0.684  beta 0.018
[    668s] chunk   48     980163741 moves   12005475 games   2136270 moves/s  train mean   296114 /   88.4 moves  |delta| 0.686  beta 0.017
[    677s]   1000167008 moves  quick: 1-ply 303431 (90.3 moves) vs fair-d3s7 312767: -9336
[    677s]   1000167008 moves  VALIDATION: ntuple-d3s7 472983 vs fair-d3s7 312767: +160216 (W-L 161-95), 1-ply 303431, touched 165884743 entries  [best]
[    753s] chunk   52    1060178961 moves   12906609 games   2159497 moves/s  train mean   297779 /   88.9 moves  |delta| 0.690  beta 0.017
[    772s]   1100187356 moves  quick: 1-ply 293838 (87.7 moves) vs fair-d3s7 312767: -18928
[    791s] chunk   56    1140196394 moves   13804925 games   2128871 moves/s  train mean   298815 /   89.2 moves  |delta| 0.693  beta 0.016
[    819s]   1200208525 moves  quick: 1-ply 291790 (87.4 moves) vs fair-d3s7 312767: -20977
[    819s]   1200208525 moves  VALIDATION: ntuple-d3s7 492355 vs fair-d3s7 312767: +179588 (W-L 173-83), 1-ply 291790, touched 175090459 entries  [best]
plateau rule at point 6: last 3 points mean +158510, previous 3 points mean +139623
[    878s] chunk   60    1220211403 moves   14699959 games   2190258 moves/s  train mean   300227 /   89.5 moves  |delta| 0.695  beta 0.016
[    915s]   1300225242 moves  quick: 1-ply 290216 (86.8 moves) vs fair-d3s7 312767: -22550
[    915s] chunk   64    1300225242 moves   15591905 games   2139724 moves/s  train mean   300730 /   89.7 moves  |delta| 0.697  beta 0.016
[    952s] chunk   68    1380240151 moves   16480978 games   2130398 moves/s  train mean   302158 /   90.1 moves  |delta| 0.699  beta 0.015
[    962s]   1400244137 moves  quick: 1-ply 312632 (92.9 moves) vs fair-d3s7 312767: -134
[    962s]   1400244137 moves  VALIDATION: ntuple-d3s7 482293 vs fair-d3s7 312767: +169526 (W-L 159-97), 1-ply 312632, touched 183033149 entries
plateau rule at point 7: last 3 points mean +169777, previous 3 points mean +143296
[   1033s] chunk   72    1460255756 moves   17366495 games   2122927 moves/s  train mean   303093 /   90.3 moves  |delta| 0.702  beta 0.015
[   1052s]   1500263150 moves  quick: 1-ply 301808 (89.9 moves) vs fair-d3s7 312767: -10959
[   1071s] chunk   76    1540271657 moves   18250419 games   2136712 moves/s  train mean   303835 /   90.5 moves  |delta| 0.705  beta 0.015
[   1099s]   1600283262 moves  quick: 1-ply 285266 (85.3 moves) vs fair-d3s7 312767: -27501
[   1099s]   1600283262 moves  VALIDATION: ntuple-d3s7 492526 vs fair-d3s7 312767: +179760 (W-L 170-86), 1-ply 285266, touched 189967354 entries  [best]
plateau rule at point 8: last 3 points mean +176291, previous 3 points mean +150947
[   1160s] chunk   80    1620286625 moves   19131726 games   2189210 moves/s  train mean   304660 /   90.8 moves  |delta| 0.706  beta 0.015
[   1197s]   1700301753 moves  quick: 1-ply 314114 (93.4 moves) vs fair-d3s7 312767: +1347
[   1197s] chunk   84    1700301753 moves   20012336 games   2140455 moves/s  train mean   304666 /   90.8 moves  |delta| 0.708  beta 0.014
[   1235s] chunk   88    1780316015 moves   20889335 games   2120629 moves/s  train mean   307452 /   91.6 moves  |delta| 0.710  beta 0.014
[   1245s]   1800319931 moves  quick: 1-ply 297039 (88.6 moves) vs fair-d3s7 312767: -15728
[   1245s]   1800319931 moves  VALIDATION: ntuple-d3s7 471103 vs fair-d3s7 312767: +158336 (W-L 158-98), 1-ply 297039, touched 196122852 entries
plateau rule at point 9: last 3 points mean +169207, previous 3 points mean +158510
[   1315s] chunk   92    1860332596 moves   21765137 games   2119434 moves/s  train mean   306542 /   91.3 moves  |delta| 0.712  beta 0.014
[   1334s]   1900340833 moves  quick: 1-ply 324453 (96.4 moves) vs fair-d3s7 312767: +11687
[   1353s] chunk   96    1940348492 moves   22639652 games   2129722 moves/s  train mean   308509 /   91.8 moves  |delta| 0.713  beta 0.014
[   1381s]   2000004221 moves  quick: 1-ply 330795 (97.9 moves) vs fair-d3s7 312767: +18028
[   1381s]   2000004221 moves  VALIDATION: ntuple-d3s7 470613 vs fair-d3s7 312767: +157846 (W-L 160-96), 1-ply 330795, touched 201697051 entries
plateau rule at point 10: last 3 points mean +165314, previous 3 points mean +169777  -> PLATEAU, stopping after this chunk
final checkpoint and latest weights...
