layout rows,cols,win23,win32,phase=all,fill=occ5 : 5000000000 entries (20.00 GB weights, 60.00 GB with coherence), 74 active per state
warm start: promoting /home/keshav/Developer/drop7-bench/runs/RUN-20260905T193006Z-4fbeb4e5/ntuple-scale/main/best-weights.bin (rows,cols,win23,win32,phase=all) into rows,cols,win23,win32,phase=all,fill=occ5 (5000000000 entries)
warm start ready in 1.7 s (source fingerprint 782828b76cfd4971)
fair-d3s7 control on the validation block (256 games)...
fair-d3s7 mean 312767 / 91.96 moves
[     52s] chunk    0      20002235 moves     377491 games   1907577 moves/s  train mean   170074 /   53.0 moves  |delta| 0.790  beta 0.105
[     89s]    100014701 moves  quick: 1-ply 244787 (74.0 moves) vs fair-d3s7 312767: -67979
[     89s] chunk    4     100014701 moves    1527741 games   2157694 moves/s  train mean   243961 /   73.7 moves  |delta| 0.630  beta 0.040
[    126s] chunk    8     180027070 moves    2567656 games   2144824 moves/s  train mean   260975 /   78.5 moves  |delta| 0.650  beta 0.032
[    135s]    200030322 moves  quick: 1-ply 270047 (81.1 moves) vs fair-d3s7 312767: -42719
[    135s]    200030322 moves  VALIDATION: ntuple-d3s7 454648 vs fair-d3s7 312767: +141882 (W-L 149-107), 1-ply 270047, touched 84949833 entries  [best]
[    207s] chunk   12     260038744 moves    3566588 games   2164717 moves/s  train mean   269650 /   81.0 moves  |delta| 0.662  beta 0.027
[    226s]    300045122 moves  quick: 1-ply 276614 (82.9 moves) vs fair-d3s7 312767: -36153
[    245s] chunk   16     340051774 moves    4541692 games   2135727 moves/s  train mean   275820 /   82.7 moves  |delta| 0.672  beta 0.025
[    273s]    400061818 moves  quick: 1-ply 283788 (84.8 moves) vs fair-d3s7 312767: -28978
[    273s]    400061818 moves  VALIDATION: ntuple-d3s7 490763 vs fair-d3s7 312767: +177997 (W-L 167-89), 1-ply 283788, touched 108837432 entries  [best]
[    332s] chunk   20     420065672 moves    5499355 games   2185723 moves/s  train mean   280665 /   84.0 moves  |delta| 0.680  beta 0.023
[    370s]    500080729 moves  quick: 1-ply 300600 (89.6 moves) vs fair-d3s7 312767: -12166
[    370s] chunk   24     500080729 moves    6444899 games   2088592 moves/s  train mean   284663 /   85.2 moves  |delta| 0.687  beta 0.021
[    408s] chunk   28     580094118 moves    7380894 games   2119520 moves/s  train mean   286615 /   85.7 moves  |delta| 0.691  beta 0.020
[    417s]    600097906 moves  quick: 1-ply 291741 (87.1 moves) vs fair-d3s7 312767: -21026
[    417s]    600097906 moves  VALIDATION: ntuple-d3s7 490502 vs fair-d3s7 312767: +177736 (W-L 175-81), 1-ply 291741, touched 124165020 entries
[    489s] chunk   32     660108654 moves    8308758 games   2126499 moves/s  train mean   289489 /   86.5 moves  |delta| 0.696  beta 0.019
[    508s]    700116311 moves  quick: 1-ply 281690 (84.3 moves) vs fair-d3s7 312767: -31077
[    527s] chunk   36     740123797 moves    9228711 games   2124101 moves/s  train mean   292291 /   87.3 moves  |delta| 0.701  beta 0.018
[    555s]    800135553 moves  quick: 1-ply 306541 (91.3 moves) vs fair-d3s7 312767: -6225
[    555s]    800135553 moves  VALIDATION: ntuple-d3s7 493410 vs fair-d3s7 312767: +180644 (W-L 168-88), 1-ply 306541, touched 135637387 entries  [best]
[    614s] chunk   40     820139167 moves   10142627 games   2185503 moves/s  train mean   293591 /   87.6 moves  |delta| 0.704  beta 0.018
[    652s]    900154280 moves  quick: 1-ply 294673 (88.1 moves) vs fair-d3s7 312767: -18093
[    652s] chunk   44     900154280 moves   11050761 games   2122673 moves/s  train mean   295831 /   88.3 moves  |delta| 0.708  beta 0.017
[    690s] chunk   48     980168887 moves   11954902 games   2110236 moves/s  train mean   297274 /   88.7 moves  |delta| 0.711  beta 0.016
[    699s]   1000173026 moves  quick: 1-ply 300276 (89.5 moves) vs fair-d3s7 312767: -12490
[    699s]   1000173026 moves  VALIDATION: ntuple-d3s7 493430 vs fair-d3s7 312767: +180663 (W-L 177-79), 1-ply 300276, touched 144810868 entries  [best]
[    775s] chunk   52    1060184141 moves   12854084 games   2122825 moves/s  train mean   298874 /   89.1 moves  |delta| 0.714  beta 0.016
[    794s]   1100193069 moves  quick: 1-ply 302228 (90.1 moves) vs fair-d3s7 312767: -10539
[    813s] chunk   56    1140200141 moves   13749174 games   2104296 moves/s  train mean   300274 /   89.5 moves  |delta| 0.717  beta 0.016
[    842s]   1200212497 moves  quick: 1-ply 311856 (92.8 moves) vs fair-d3s7 312767: -911
[    842s]   1200212497 moves  VALIDATION: ntuple-d3s7 482638 vs fair-d3s7 312767: +169871 (W-L 159-97), 1-ply 311856, touched 152395576 entries
plateau rule at point 6: last 3 points mean +177059, previous 3 points mean +165871
[    891s] chunk   60    1220216813 moves   14641516 games   2106941 moves/s  train mean   301804 /   89.9 moves  |delta| 0.719  beta 0.015
[    929s]   1300233293 moves  quick: 1-ply 309086 (91.8 moves) vs fair-d3s7 312767: -3680
[    929s] chunk   64    1300233293 moves   15530279 games   2104721 moves/s  train mean   302999 /   90.2 moves  |delta| 0.721  beta 0.015
[    967s] chunk   68    1380248888 moves   16415822 games   2101602 moves/s  train mean   304077 /   90.5 moves  |delta| 0.724  beta 0.014
[    977s]   1400252568 moves  quick: 1-ply 316705 (93.9 moves) vs fair-d3s7 312767: +3938
[    977s]   1400252568 moves  VALIDATION: ntuple-d3s7 515960 vs fair-d3s7 312767: +203193 (W-L 167-89), 1-ply 316705, touched 158865823 entries  [best]
plateau rule at point 7: last 3 points mean +184576, previous 3 points mean +178792
[   1064s] chunk   72    1460263200 moves   17298487 games   2144236 moves/s  train mean   305036 /   90.8 moves  |delta| 0.725  beta 0.014
[   1083s]   1500270622 moves  quick: 1-ply 301821 (89.9 moves) vs fair-d3s7 312767: -10945
[   1102s] chunk   76    1540278435 moves   18179727 games   2106221 moves/s  train mean   305099 /   90.8 moves  |delta| 0.727  beta 0.014
[   1130s]   1600289700 moves  quick: 1-ply 294770 (88.0 moves) vs fair-d3s7 312767: -17997
[   1130s]   1600289700 moves  VALIDATION: ntuple-d3s7 463039 vs fair-d3s7 312767: +150272 (W-L 160-96), 1-ply 294770, touched 164510583 entries
plateau rule at point 8: last 3 points mean +174446, previous 3 points mean +179681  -> PLATEAU, stopping after this chunk
final checkpoint and latest weights...
